<?xml version="1.0" encoding="UTF-8"?>
<testsuites name="jest tests" tests="2" failures="0" errors="0" time="0.974">
  <testsuite name="Home Component" errors="0" failures="0" skipped="0" timestamp="2026-08-19T14:23:15" time="0.549" tests="2">
    <testcase classname="Home Component should display olympics data" name="Home Component should display olympics data" time="0.032">
    </testcase>
    <testcase classname="Home Component should display multiple countries" name="Home Component should display multiple countries" time="0.005">
    </testcase>
  </testsuite>
</testsuites>